// Vitest Snapshot v1, https://vitest.dev/guide/snapshot.html

exports[`Container > displays grid 1`] = `
<div>
  <div
    data-sx="foo"
  >
    Foo
  </div>
</div>
`;

exports[`Container displays grid 1`] = `
<div>
  <div
    data-sx="foo"
  >
    Foo
  </div>
</div>
`;
