// Vitest Snapshot v1, https://vitest.dev/guide/snapshot.html

exports[`Loader > displays Loader 1`] = `
<div>
  <div>
    Mock CircularProgress: size 
    16
  </div>
</div>
`;
