// Vitest Snapshot v1, https://vitest.dev/guide/snapshot.html

exports[`Percentage > displays percentage from number 1`] = `
<div>
  12.35%
</div>
`;

exports[`Percentage > displays percentage from text 1`] = `
<div>
  12.35%
</div>
`;
