// Jest Snapshot v1, https://goo.gl/fbAQLP

exports[`NavItem displays a NavItem 1`] = `
<div>
  <div
    class="mock-navlink"
  >
    <div
      class="mock-typography"
    >
      foo
    </div>
  </div>
</div>
`;
